// Jest Snapshot v1, https://goo.gl/fbAQLP

exports[`Ingredients Render ingredients 1`] = `[Function]`;
